current directory: /Users/christophersnyder/Projects/22csnyder.github.io/vendor/bundle/ruby/3.3.0/gems/json-2.9.1/ext/json/ext/parser
/Users/christophersnyder/.rbenv/versions/3.3.3/bin/ruby extconf.rb
checking for rb_enc_interned_str() in ruby.h... yes
checking for rb_hash_new_capa() in ruby.h... yes
checking for rb_hash_bulk_insert() in ruby.h... yes
checking for rb_category_warn() in ruby.h... yes
checking for strnlen() in string.h... yes
checking for whether -std=c99 is accepted as CFLAGS... yes
creating Makefile

current directory: /Users/christophersnyder/Projects/22csnyder.github.io/vendor/bundle/ruby/3.3.0/gems/json-2.9.1/ext/json/ext/parser
make DESTDIR\= sitearchdir\=./.gem.20250929-55782-1e0ef4 sitelibdir\=./.gem.20250929-55782-1e0ef4 clean

current directory: /Users/christophersnyder/Projects/22csnyder.github.io/vendor/bundle/ruby/3.3.0/gems/json-2.9.1/ext/json/ext/parser
make DESTDIR\= sitearchdir\=./.gem.20250929-55782-1e0ef4 sitelibdir\=./.gem.20250929-55782-1e0ef4
compiling parser.c
linking shared-object json/ext/parser.bundle

current directory: /Users/christophersnyder/Projects/22csnyder.github.io/vendor/bundle/ruby/3.3.0/gems/json-2.9.1/ext/json/ext/parser
make DESTDIR\= sitearchdir\=./.gem.20250929-55782-1e0ef4 sitelibdir\=./.gem.20250929-55782-1e0ef4 install
/usr/bin/install -c -m 0755 parser.bundle ./.gem.20250929-55782-1e0ef4/json/ext

current directory: /Users/christophersnyder/Projects/22csnyder.github.io/vendor/bundle/ruby/3.3.0/gems/json-2.9.1/ext/json/ext/parser
make DESTDIR\= sitearchdir\=./.gem.20250929-55782-1e0ef4 sitelibdir\=./.gem.20250929-55782-1e0ef4 clean
